// Jest Snapshot v1, https://goo.gl/fbAQLP

exports[`DictRendererComponent should render dict renderer 1`] = `
<div
  id="root0"
  ng-version="5.2.4"
>
  Term 2
</div>
`;
