// Jest Snapshot v1, https://goo.gl/fbAQLP

exports[`SimpleGridComponent should render empty grid 1`] = `
<div
  id="root0"
  ng-version="5.2.4"
>
  
  


  

</div>
`;
