// Jest Snapshot v1, https://goo.gl/fbAQLP

exports[`MultiLanguageComponent should render 1`] = `
<div
  id="root0"
  ng-version="5.2.4"
>
  <label
    class="m0"
  >
    
  
    
    
  
    <div
      appdropdown=""
      class="input-group"
    >
      
    
      <span
        class="input-group-addon language-label"
      >
        
      
        <span>
          
        Language 1
      
        </span>
        
      
        <i
          class="caret"
        />
        
    
      </span>
      
    
      <ul
        class="dropdown-content"
      >
        
      
        
        <li>
          
        Language 1
      
        </li>
        <li>
          
        Language 2
      
        </li>
        
    
      </ul>
      
    
      <input
        class="form-control ng-untouched ng-pristine ng-valid"
        ng-reflect-is-disabled="false"
        ng-reflect-model="Value for language 1"
        type="text"
      />
      
  
    </div>
    
  
    <div>
      
    
      
      
  
    </div>
    

  </label>
  

</div>
`;
